../Core/Src/main.c:20:5:main	16	static
../Core/Src/main.c:59:6:SystemClock_Config	72	static
../Core/Src/main.c:89:13:MX_CAN_Init	8	static
../Core/Src/main.c:114:13:MX_USART1_UART_Init	8	static
../Core/Src/main.c:131:13:MX_GPIO_Init	16	static
../Core/Src/main.c:137:13:UART1_Print	16	static
../Core/Src/main.c:142:13:UART1_Printf	176	static
../Core/Src/main.c:152:13:CAN_Filter_Config_AllPass	48	static
../Core/Src/main.c:173:16:CAN_Send_Frame_Std	48	static
../Core/Src/main.c:217:13:CAN_Print_Status	8	static
../Core/Src/main.c:225:6:Error_Handler	4	static,ignoring_inline_asm
