../Core/Src/main.c:55:17:btn_to_move	16	static
../Core/Src/main.c:62:16:move_to_char	16	static
../Core/Src/main.c:69:12:player_result	16	static
../Core/Src/main.c:77:17:input_time_ms	16	static
../Core/Src/main.c:82:13:clear_round_data	16	static
../Core/Src/main.c:89:13:start_new_level	40	static
../Core/Src/main.c:107:5:main	16	static
../Core/Src/main.c:148:6:timer_input_callback	24	static
../Core/Src/main.c:153:6:task_game	56	static
../Core/Src/main.c:209:6:task_button	24	static
../Core/Src/main.c:217:6:task_lcd	96	static
../Core/Src/main.c:276:6:HAL_GPIO_EXTI_Callback	40	static,ignoring_inline_asm
../Core/Src/main.c:296:6:EXTI15_10_IRQHandler	8	static
../Core/Src/main.c:302:6:check_LCD_address	32	static
../Core/Src/main.c:320:6:SystemClock_Config	72	static
../Core/Src/main.c:339:13:MX_I2C1_Init	8	static
../Core/Src/main.c:353:13:MX_GPIO_Init	40	static
../Core/Src/main.c:384:6:Error_Handler	4	static,ignoring_inline_asm
